// Jest Snapshot v1, https://goo.gl/fbAQLP

exports[`VerticalKanban Component renders the VerticalKanban correctly 1`] = `
<div>
  <div
    class="MuiBox-root css-1w1rbvj"
  >
    <div
      class="MuiBox-root css-1ykdma4"
    >
      <div
        class="MuiInputBase-root MuiInput-root MuiInput-underline MuiInputBase-colorPrimary css-1q9x765-MuiInputBase-root-MuiInput-root"
      >
        <input
          class="MuiInputBase-input MuiInput-input css-1yrc8ca-MuiInputBase-input-MuiInput-input"
          placeholder="Search tickets..."
          type="text"
          value=""
        />
      </div>
    </div>
    <div
      class="MuiBox-root css-1s4g6lc"
    >
      <div
        class="MuiBox-root css-4wg6d4"
      >
        <div
          data-testid="kanban-lane-TO_DO"
        >
          <div
            data-testid="kanban-card-1"
          />
        </div>
      </div>
      <div
        class="MuiBox-root css-4wg6d4"
      >
        <div
          data-testid="kanban-lane-IN_PROGRESS"
        >
          <div
            data-testid="kanban-card-2"
          />
        </div>
      </div>
      <div
        class="MuiBox-root css-4wg6d4"
      >
        <div
          data-testid="kanban-lane-DONE"
        >
          <div
            data-testid="kanban-card-3"
          />
        </div>
      </div>
    </div>
  </div>
  <div
    id="DndDescribedBy-0"
    style="display: none;"
  >
    
    To pick up a draggable item, press the space bar.
    While dragging, use the arrow keys to move the item.
    Press space again to drop the item in its new position, or press escape to cancel.
  
  </div>
  <div
    aria-atomic="true"
    aria-live="assertive"
    id="DndLiveRegion-0"
    role="status"
    style="position: fixed; width: 1px; height: 1px; margin: -1px; border: 0px; padding: 0px; overflow: hidden; clip-path: inset(100%); white-space: nowrap;"
  />
</div>
`;
