// Jest Snapshot v1, https://goo.gl/fbAQLP

exports[`KanbanCard Component renders the KanbanCard correctly 1`] = `
<div>
  <div
    aria-describedby=""
    aria-disabled="false"
    aria-roledescription="draggable"
    class="MuiBox-root css-1ax3bw2"
    data-testid="kanban-card-1"
    role="button"
    tabindex="0"
  >
    <p
      class="MuiTypography-root MuiTypography-body1 css-1o5jgl7-MuiTypography-root"
    >
      Test Ticket
    </p>
    <button
      class="MuiButtonBase-root MuiIconButton-root MuiIconButton-sizeMedium iconButton css-15lzfo0-MuiButtonBase-root-MuiIconButton-root"
      data-testid="delete-ticket"
      tabindex="0"
      type="button"
    >
      <svg
        aria-hidden="true"
        class="MuiSvgIcon-root MuiSvgIcon-fontSizeSmall css-120dh41-MuiSvgIcon-root"
        data-testid="CloseIcon"
        focusable="false"
        viewBox="0 0 24 24"
      >
        <path
          d="M19 6.41 17.59 5 12 10.59 6.41 5 5 6.41 10.59 12 5 17.59 6.41 19 12 13.41 17.59 19 19 17.59 13.41 12z"
        />
      </svg>
    </button>
  </div>
</div>
`;
